// Jest Snapshot v1, https://goo.gl/fbAQLP

exports[`renders learn react link 1`] = `
<div
  class="text-center mt-5 bg-dark"
>
  <div
    class="border-top p-4"
  >
    <div
      class="text-light"
    >
      Copyright Â©
      2020
    </div>
  </div>
</div>
`;
